// Jest Snapshot v1, https://goo.gl/fbAQLP

exports[`Should render ExpenseListItem correctly 1`] = `
<Link
  className="list-item"
  to="/edit/1"
>
  <div>
    <h3
      className="list-item__title"
    >
      Gym
    </h3>
    <span
      className="list-item__subtitle"
    >
      Th. Jan. 1970
    </span>
  </div>
  <h3
    className="list-item__data"
  >
    $130.00
  </h3>
</Link>
`;
