// Jest Snapshot v1, https://goo.gl/fbAQLP

exports[`Should render LoginPage correctly 1`] = `
<div
  className="box-layout"
>
  <div
    className="box-layout__box"
  >
    <h1
      className="box-layout__title"
    >
      Expenses
    </h1>
    <p>
      Control your expenses!
    </p>
    <button
      className="button"
      onClick={[Function]}
      type="button"
    >
      Login with Google
    </button>
  </div>
</div>
`;
